2026-06-26 18:53:12 - INFO - Escribiendo 'standard_user' en el elemento: ('id', 'user-name')
2026-06-26 18:53:12 - INFO - Escribiendo '********' en el elemento: ('id', 'password')
2026-06-26 18:53:12 - INFO - Haciendo clic en el elemento: ('id', 'login-button')
2026-06-26 18:53:18 - INFO - Escribiendo 'locked_out_user' en el elemento: ('id', 'user-name')
2026-06-26 18:53:18 - INFO - Escribiendo '********' en el elemento: ('id', 'password')
2026-06-26 18:53:18 - INFO - Haciendo clic en el elemento: ('id', 'login-button')
2026-06-26 18:53:18 - INFO - Obteniendo texto del elemento: ('css selector', "h3[data-test='error']")
2026-06-26 18:53:23 - INFO - Escribiendo 'standard_user' en el elemento: ('id', 'user-name')
2026-06-26 18:53:23 - INFO - Escribiendo '********' en el elemento: ('id', 'password')
2026-06-26 18:53:23 - INFO - Haciendo clic en el elemento: ('id', 'login-button')
2026-06-26 18:53:29 - INFO - Escribiendo 'standard_user' en el elemento: ('id', 'user-name')
2026-06-26 18:53:29 - INFO - Escribiendo '********' en el elemento: ('id', 'password')
2026-06-26 18:53:29 - INFO - Haciendo clic en el elemento: ('id', 'login-button')
2026-06-26 18:53:29 - INFO - Obteniendo texto del elemento: ('class name', 'shopping_cart_badge')
2026-06-26 18:53:35 - INFO - Escribiendo 'standard_user' en el elemento: ('id', 'user-name')
2026-06-26 18:53:35 - INFO - Escribiendo '********' en el elemento: ('id', 'password')
2026-06-26 18:53:35 - INFO - Haciendo clic en el elemento: ('id', 'login-button')
2026-06-26 18:53:35 - INFO - Haciendo clic en el elemento: ('class name', 'shopping_cart_link')
2026-06-26 18:53:35 - INFO - Haciendo clic en el elemento: ('id', 'checkout')
2026-06-26 18:53:35 - INFO - Escribiendo 'Juan' en el elemento: ('id', 'first-name')
2026-06-26 18:53:35 - INFO - Escribiendo 'Perez' en el elemento: ('id', 'last-name')
2026-06-26 18:53:35 - INFO - Escribiendo '1234' en el elemento: ('id', 'postal-code')
2026-06-26 18:53:35 - INFO - Haciendo clic en el elemento: ('id', 'continue')
2026-06-26 18:53:35 - INFO - Haciendo clic en el elemento: ('id', 'finish')
2026-06-26 18:53:35 - INFO - Obteniendo texto del elemento: ('class name', 'complete-header')
